root:$y$j9T$wOBO0wv9T9x.pJkVdJ.wiYrq$f9HA7FY7W29hG9gCEKarBd0L8nc7zLnfkmhpW1D65QC:::::::
bin:!*:20470::::::
daemon:!*:20470::::::
adm:!*:20470::::::
lp:!*:20470::::::
sync:!*:20470::::::
shutdown:!*:20470::::::
halt:!*:20470::::::
mail:!*:20470::::::
operator:!*:20470::::::
games:!*:20470::::::
ftp:!*:20470::::::
nobody:!*:20470::::::
tss:!*:20702::::::
pcscd:!*:20702:::::1:
systemd-oom:!*:20702::::::
rpc:!*:20702::::::
unbound:!*:20702::::::
sssd:!*:20702::::::
systemd-coredump:!*:20702::::::
systemd-timesync:!*:20702::::::
rpcuser:!*:20702::::::
clevis:!*:20702::::::
dbus:!*:20702::::::
polkitd:!*:20702::::::
setroubleshoot:!*:20702::::::
abrt:!*:20702::::::
avahi:!*:20702::::::
passim:!*:20702::::::
dnsmasq:!*:20702::::::
tcpdump:!*:20702::::::
sshd:!*:20702::::::
chrony:!*:20702::::::
systemd-resolve:!*:20702::::::
systemd-network:!*:20702::::::
sage:$y$j9T$Zarh7yWwivq15utMWZHkdniL$lC85j9S.f294oZBOmell9c5juH7S/ryoi8yMy3DGHZD::0:99999:7:::
user1:$y$j9T$G8bHf3pmCT3MDB3RpwbJU0$oMSR92WCD1FpVFvJCW24gst7/qS5LEiV2YhG6HxIRA4:20705:0:90:7:::
