  Файл: /home/user1
  Размер: 83        	Блоков: 0          Блок В/В: 4096   каталог
Устройство: 252/0	Инода: 358051      Ссылки: 2
Доступ: (0700/drwx------)  Uid: ( 1234/   user1)   Gid: ( 1234/   user1)
Контекст: unconfined_u:object_r:user_home_dir_t:s0
Доступ:        2026-09-09 11:21:27.818117283 +0300
Модифицирован: 2026-09-09 15:00:08.508092041 +0300
Изменён:       2026-09-09 15:00:08.508092041 +0300
Создан:        2026-09-09 11:19:54.645852288 +0300
  Файл: /home/sage/mycat
  Размер: 69528     	Блоков: 136        Блок В/В: 4096   обычный файл
Устройство: 252/0	Инода: 356312      Ссылки: 1
Доступ: (4755/-rwsr-xr-x)  Uid: (    0/    root)   Gid: ( 1000/    sage)
Контекст: unconfined_u:object_r:user_home_t:s0
Доступ:        2026-09-09 11:25:14.897541292 +0300
Модифицирован: 2026-09-09 11:24:21.246202392 +0300
Изменён:       2026-09-09 11:24:51.757570640 +0300
Создан:        2026-09-09 11:24:21.246202392 +0300
  Файл: /home/sage/mychown
  Размер: 70072     	Блоков: 144        Блок В/В: 4096   обычный файл
Устройство: 252/0	Инода: 356313      Ссылки: 1
Доступ: (0755/-rwxr-xr-x)  Uid: ( 1000/    sage)   Gid: ( 1000/    sage)
Контекст: unconfined_u:object_r:user_home_t:s0
Доступ:        2026-09-09 11:26:40.306998924 +0300
Модифицирован: 2026-09-09 11:25:33.972637589 +0300
Изменён:       2026-09-09 11:25:50.112722120 +0300
Создан:        2026-09-09 11:25:33.972637589 +0300
